[Error] Compiler: Found circularity in module imports
